[Customer]: pay bill
[     Bot]: Hi there! I'm your virtual assistant.
[     Bot]: Let me try to help you.
[     Bot]: Are you a customer?
[        ]:   1) Yes, I'm a customer
[        ]:   2) No, I'm not
