[Customer]: hi
[     Bot]: Hi there! I'm your virtual assistant.
[     Bot]: What would you like to do today?
[Customer]: talk to an operator
[     Bot]: Let me try to help you.
[     Bot]: Are you a customer?
[        ]:   1) Yes, I'm a customer
[        ]:   2) No, I'm not
[Customer]: Yes, I'm a customer
[     Bot]: transfers to 'operator'
