Chatbot conversations


# Scenario 1: [hi]
***** Conversation 1 *****
[Customer]: hi
[     Bot]: Hi there! I'm your virtual assistant.
[     Bot]: What would you like to do today?

# Scenario 2: [hi, hi]
***** Conversation 1 *****
[Customer]: hi
[     Bot]: Hi there! I'm your virtual assistant.
[     Bot]: What would you like to do today?
[Customer]: hi
[     Bot]: Hmmm, tell me a little more so I can help you.
What would you like to do today?

# Scenario 3: [hi, hi, hi]
***** Conversation 1 *****
[Customer]: hi
[     Bot]: Hi there! I'm your virtual assistant.
[     Bot]: What would you like to do today?
[Customer]: hi
[     Bot]: Hmmm, tell me a little more so I can help you.
What would you like to do today?
[Customer]: hi
[     Bot]: Let me try to help you.
[     Bot]: Are you a customer?
[        ]:   1) Yes, I'm a customer
[        ]:   2) No, I'm not

# Scenario 4: [hi, pay bill]
***** Conversation 1 *****
[Customer]: hi
[     Bot]: Hi there! I'm your virtual assistant.
[     Bot]: What would you like to do today?
[Customer]: pay bill
[     Bot]: Let me try to help you.
[     Bot]: Are you a customer?
[        ]:   1) Yes, I'm a customer
[        ]:   2) No, I'm not

# Scenario 5: [hi, pay bill, Yes, I'm a customer]
***** Conversation 1 *****
[Customer]: hi
[     Bot]: Hi there! I'm your virtual assistant.
[     Bot]: What would you like to do today?
[Customer]: pay bill
[     Bot]: Let me try to help you.
[     Bot]: Are you a customer?
[        ]:   1) Yes, I'm a customer
[        ]:   2) No, I'm not
[Customer]: Yes, I'm a customer
[     Bot]: transfers to 'self_service'

# Scenario 6: [hi, pay bill, no]
***** Conversation 1 *****
[Customer]: hi
[     Bot]: Hi there! I'm your virtual assistant.
[     Bot]: What would you like to do today?
[Customer]: pay bill
[     Bot]: Let me try to help you.
[     Bot]: Are you a customer?
[        ]:   1) Yes, I'm a customer
[        ]:   2) No, I'm not
[Customer]: no
[     Bot]: transfers to 'operator'

# Scenario 7: [hi, talk to an operator, Yes, I'm a customer]
***** Conversation 1 *****
[Customer]: hi
[     Bot]: Hi there! I'm your virtual assistant.
[     Bot]: What would you like to do today?
[Customer]: talk to an operator
[     Bot]: Let me try to help you.
[     Bot]: Are you a customer?
[        ]:   1) Yes, I'm a customer
[        ]:   2) No, I'm not
[Customer]: Yes, I'm a customer
[     Bot]: transfers to 'operator'

# Scenario 8: [pay bill]
***** Conversation 1 *****
[Customer]: pay bill
[     Bot]: Hi there! I'm your virtual assistant.
[     Bot]: Let me try to help you.
[     Bot]: Are you a customer?
[        ]:   1) Yes, I'm a customer
[        ]:   2) No, I'm not

# Scenario 9: [pay bill, I like swimming]
***** Conversation 1 *****
[Customer]: pay bill
[     Bot]: Hi there! I'm your virtual assistant.
[     Bot]: Let me try to help you.
[     Bot]: Are you a customer?
[        ]:   1) Yes, I'm a customer
[        ]:   2) No, I'm not
[Customer]: I like swimming
[     Bot]: I'd be happy to help you with this, But first, I need to know: are you a customer?
[        ]:   1) Yes, I'm a customer
[        ]:   2) No, I'm not

# Scenario 10: [pay bill, I like coffee, I like tea, no]
***** Conversation 1 *****
[Customer]: pay bill
[     Bot]: Hi there! I'm your virtual assistant.
[     Bot]: Let me try to help you.
[     Bot]: Are you a customer?
[        ]:   1) Yes, I'm a customer
[        ]:   2) No, I'm not
[Customer]: I like coffee
[     Bot]: I'd be happy to help you with this, But first, I need to know: are you a customer?
[        ]:   1) Yes, I'm a customer
[        ]:   2) No, I'm not
[Customer]: I like tea
[     Bot]: I'd be happy to help you with this, But first, I need to know: are you a customer?
[        ]:   1) Yes, I'm a customer
[        ]:   2) No, I'm not
[Customer]: no
[     Bot]: transfers to 'operator'

# Scenario 11: [pay bill, Yes, I'm a customer], [pay bill]
***** Conversation 1 *****
[Customer]: pay bill
[     Bot]: Hi there! I'm your virtual assistant.
[     Bot]: Let me try to help you.
[     Bot]: Are you a customer?
[        ]:   1) Yes, I'm a customer
[        ]:   2) No, I'm not
[Customer]: Yes, I'm a customer
[     Bot]: transfers to 'self_service'

***** Conversation 2 *****
[Customer]: pay bill
[     Bot]: Hi there! I'm your virtual assistant.
[     Bot]: Let me try to help you.
[     Bot]: transfers to 'self_service'

# Scenario 12: [pay bill, No, I'm not], [pay bill]
***** Conversation 1 *****
[Customer]: pay bill
[     Bot]: Hi there! I'm your virtual assistant.
[     Bot]: Let me try to help you.
[     Bot]: Are you a customer?
[        ]:   1) Yes, I'm a customer
[        ]:   2) No, I'm not
[Customer]: No, I'm not
[     Bot]: transfers to 'operator'

***** Conversation 2 *****
[Customer]: pay bill
[     Bot]: Let me try to help you.
[     Bot]: transfers to 'operator'

# Scenario 13: [talk to an operator]
***** Conversation 1 *****
[Customer]: talk to an operator
[     Bot]: Hi there! I'm your virtual assistant.
[     Bot]: Let me try to help you.
[     Bot]: Are you a customer?
[        ]:   1) Yes, I'm a customer
[        ]:   2) No, I'm not

# Scenario 14: [oh hi there, how are you doing]
***** Conversation 1 *****
[Customer]: oh hi there, how are you doing
[     Bot]: Hi there! I'm your virtual assistant.
[     Bot]: Let me try to help you.
[     Bot]: Are you a customer?
[        ]:   1) Yes, I'm a customer
[        ]:   2) No, I'm not

# Scenario 15: [walk my dog, Yes, I'm a customer]
***** Conversation 1 *****
[Customer]: walk my dog
[     Bot]: Hi there! I'm your virtual assistant.
[     Bot]: Let me try to help you.
[     Bot]: Are you a customer?
[        ]:   1) Yes, I'm a customer
[        ]:   2) No, I'm not
[Customer]: Yes, I'm a customer
[     Bot]: transfers to 'operator'

